I'm sorry, but errors were detected in your script. Please correct the
errors listed below, and try again.


File "game/script.rpy", line 3554: expected 'simple_expression' not found.
    show goose neutral at left with with moveinright
                                    ^

Ren'Py Version: Ren'Py 7.4.11.2266
Sat Jun  4 22:31:41 2022
